components/product-table.tsx(112,16): error TS2339: Property 'toLowerCase' does not exist on type 'number'.
components/product-table.tsx(167,31): error TS2345: Argument of type 'number' is not assignable to parameter of type 'string'.
